// Jest Snapshot v1, https://goo.gl/fbAQLP

exports[`Form should render the form 1`] = `
<div>
  <section
    class="css-1ms9z5j"
  >
    <div
      class="css-11aqn9s"
    >
      <input
        class="css-6asy4p"
        data-testid="autocomplete-input"
        placeholder="Search an English Word"
        type="text"
        value=""
      />
    </div>
  </section>
</div>
`;
