// Jest Snapshot v1, https://goo.gl/fbAQLP

exports[`Form should render the form 1`] = `
<div>
  <section
    class="css-1ms9z5j"
  >
    <div
      class="css-wmd499"
    >
      <input
        class="css-y6v8d0"
        data-testid="autocomplete-input"
        placeholder="Search an English Word"
        type="text"
      />
    </div>
  </section>
</div>
`;
