// Jest Snapshot v1, https://goo.gl/fbAQLP

exports[`MainPage should render the main page 1`] = `
<div>
  <main>
    <header
      class="css-ab6uec"
    >
      <h2
        class="css-rnq8sf"
      >
        Autocomplete
      </h2>
    </header>
    <section
      class="css-1ms9z5j"
    >
      <div
        class="css-wmd499"
      >
        <input
          class="css-y6v8d0"
          data-testid="autocomplete-input"
          placeholder="Search an English Word"
          type="text"
        />
      </div>
    </section>
  </main>
</div>
`;
